// Jest Snapshot v1, https://goo.gl/fbAQLP

exports[`CustomScreenComponent check snapshot 1`] = `
<epgu-constructor-custom-screen
  __ngContext__={[Function LRootView]}
  constructorService={[Function ConstructorServiceStub]}
  cycledFieldsKeys={[Function Array]}
  data={[Function Object]}
  dataToSend={[Function Object]}
  flattenCycledFieldsValues={[Function Object]}
  isCycledFields="false"
  navService={[Function NavigationService]}
  nextStepEvent={[Function EventEmitter_]}
  ngUnsubscribe$={[Function UnsubscribeService]}
  prevStepEvent={[Function EventEmitter_]}
>
  <epgu-constructor-navigation
    class="nav"
  /><epgu-constructor-screen-container
    class="screen-container"
  >
    <div
      class="container"
    >
      <div
        class="inner"
      >
        
        <epgu-constructor-screen-pad
          class="body"
        >
          <epgu-constructor-components-list />
        </epgu-constructor-screen-pad>
        <div
          class="footer"
        >
          <lib-button
            class="footer__btn-submit"
          >
            
            <div
              class="button-container"
            >
              <button
                class="button font-"
                tabindex="0"
              >
                
                
                
                
                
              </button>
              
              
              
              
            </div>
          </lib-button>
        </div>
      </div>
    </div>
  </epgu-constructor-screen-container>
</epgu-constructor-custom-screen>
`;
