// Jest Snapshot v1, https://goo.gl/fbAQLP

exports[`CustomScreenComponent check snapshot 1`] = `
<epgu-constructor-custom-screen
  changeDetectionRef={[Function ViewRef_]}
  currentAnswersService={[Function CurrentAnswersService]}
  customScreenService={[Function CustomScreenService]}
  eventBusService={[Function EventBusService]}
  injector={[Function Injector_]}
  navigationService={[Function NavigationServiceStub]}
  nextStepAction={[Function Object]}
  ngUnsubscribe$={[Function UnsubscribeService]}
  screenButtons={[Function Array]}
  screenService={[Function ScreenServiceStub]}
>
  <epgu-constructor-screen-container
    class="screen-container-mt"
  >
    <div
      class="screen-body"
    >
      <epgu-constructor-page-name>

        <epgu-constructor-user-info-loader />
      </epgu-constructor-page-name>
      <epgu-constructor-screen-pad
        class="body"
      >
        <epgu-constructor-components-list />
      </epgu-constructor-screen-pad>
    </div>
    <div
      class="screen-footer"
    >


    </div>
  </epgu-constructor-screen-container>
</epgu-constructor-custom-screen>
`;
