// Jest Snapshot v1, https://goo.gl/fbAQLP

exports[`CustomScreenComponent check snapshot 1`] = `
<epgu-constructor-custom-screen
  currentAnswersService={[Function CurrentAnswersService]}
  customScreenService={[Function CustomScreenService]}
  eventBusService={[Function EventBusService]}
  helperText="undefined"
  injector={[Function Injector_]}
  navigationService={[Function NavigationServiceStub]}
  ngUnsubscribe$={[Function UnsubscribeService]}
  screenService={[Function ScreenServiceStub]}
>
  <epgu-cf-ui-screen-container
    class="screen-container-mt"
  >
    <div
      class="screen-body"
    >
      <epgu-constructor-page-name>
         
        <epgu-constructor-user-info-loader />
      </epgu-constructor-page-name>
      <epgu-cf-ui-constructor-screen-pad
        class="body"
      >
        <epgu-constructor-components-list />
      </epgu-cf-ui-constructor-screen-pad>
      
    </div>
    <div
      class="screen-footer"
    >
      
    </div>
  </epgu-cf-ui-screen-container>
</epgu-constructor-custom-screen>
`;
